Hello from CliTestAgent!
Hello from CliTestAgent!
Testing write_file tool.